codesign-dev	Set up job	‚à©‚ïó‚îê2025-11-12T19:07:41.2935233Z Current runner version: '2.329.0'
codesign-dev	Set up job	2025-11-12T19:07:41.3065313Z ##[group]Runner Image Provisioner
codesign-dev	Set up job	2025-11-12T19:07:41.3066462Z Hosted Compute Agent
codesign-dev	Set up job	2025-11-12T19:07:41.3067182Z Version: 20251016.436
codesign-dev	Set up job	2025-11-12T19:07:41.3068009Z Commit: 8ab8ac8bfd662a3739dab9fe09456aba92132568
codesign-dev	Set up job	2025-11-12T19:07:41.3069105Z Build Date: 2025-10-15T20:44:12Z
codesign-dev	Set up job	2025-11-12T19:07:41.3070338Z ##[endgroup]
codesign-dev	Set up job	2025-11-12T19:07:41.3071044Z ##[group]Operating System
codesign-dev	Set up job	2025-11-12T19:07:41.3071978Z Microsoft Windows Server 2025
codesign-dev	Set up job	2025-11-12T19:07:41.3072739Z 10.0.26100
codesign-dev	Set up job	2025-11-12T19:07:41.3073323Z Datacenter
codesign-dev	Set up job	2025-11-12T19:07:41.3074035Z ##[endgroup]
codesign-dev	Set up job	2025-11-12T19:07:41.3074695Z ##[group]Runner Image
codesign-dev	Set up job	2025-11-12T19:07:41.3075371Z Image: windows-2025
codesign-dev	Set up job	2025-11-12T19:07:41.3076148Z Version: 20251102.77.1
codesign-dev	Set up job	2025-11-12T19:07:41.3077695Z Included Software: https://github.com/actions/runner-images/blob/win25/20251102.77/images/windows/Windows2025-Readme.md
codesign-dev	Set up job	2025-11-12T19:07:41.3079882Z Image Release: https://github.com/actions/runner-images/releases/tag/win25%2F20251102.77
codesign-dev	Set up job	2025-11-12T19:07:41.3081836Z ##[endgroup]
codesign-dev	Set up job	2025-11-12T19:07:41.3083320Z ##[group]GITHUB_TOKEN Permissions
codesign-dev	Set up job	2025-11-12T19:07:41.3085670Z Contents: read
codesign-dev	Set up job	2025-11-12T19:07:41.3086763Z Metadata: read
codesign-dev	Set up job	2025-11-12T19:07:41.3087450Z ##[endgroup]
codesign-dev	Set up job	2025-11-12T19:07:41.3090536Z Secret source: Actions
codesign-dev	Set up job	2025-11-12T19:07:41.3091537Z Prepare workflow directory
codesign-dev	Set up job	2025-11-12T19:07:41.3676852Z Prepare all required actions
codesign-dev	Set up job	2025-11-12T19:07:41.3727144Z Getting action download info
codesign-dev	Set up job	2025-11-12T19:07:41.6541443Z Download action repository 'actions/download-artifact@v4' (SHA:d3f86a106a0bac45b974a628896c90dbdf5c8093)
codesign-dev	Set up job	2025-11-12T19:07:42.1647338Z Download action repository 'actions/upload-artifact@v4' (SHA:ea165f8d65b6e75b540449e92b4886f43607fa02)
codesign-dev	Set up job	2025-11-12T19:07:42.4841011Z Complete job name: codesign-dev
codesign-dev	Download unsigned artifacts	‚à©‚ïó‚îê2025-11-12T19:07:42.6754875Z ##[group]Run actions/download-artifact@v4
codesign-dev	Download unsigned artifacts	2025-11-12T19:07:42.6756448Z with:
codesign-dev	Download unsigned artifacts	2025-11-12T19:07:42.6756898Z   name: unsigned
codesign-dev	Download unsigned artifacts	2025-11-12T19:07:42.6757373Z   path: unsigned
codesign-dev	Download unsigned artifacts	2025-11-12T19:07:42.6757927Z   merge-multiple: false
codesign-dev	Download unsigned artifacts	2025-11-12T19:07:42.6758440Z   repository: svelderrainruiz/icon-editor-lab
codesign-dev	Download unsigned artifacts	2025-11-12T19:07:42.6759038Z   run-id: 19308841472
codesign-dev	Download unsigned artifacts	2025-11-12T19:07:42.6759746Z env:
codesign-dev	Download unsigned artifacts	2025-11-12T19:07:42.6760189Z   TSA_URL: http://timestamp.digicert.com
codesign-dev	Download unsigned artifacts	2025-11-12T19:07:42.6760785Z   SIGN_ROOT: out
codesign-dev	Download unsigned artifacts	2025-11-12T19:07:42.6761281Z   EXPECTED_THUMBPRINT: 
codesign-dev	Download unsigned artifacts	2025-11-12T19:07:42.6761770Z ##[endgroup]
codesign-dev	Download unsigned artifacts	2025-11-12T19:07:42.9610633Z Downloading single artifact
codesign-dev	Download unsigned artifacts	2025-11-12T19:07:43.1247695Z Preparing to download the following artifacts:
codesign-dev	Download unsigned artifacts	2025-11-12T19:07:43.1251270Z - unsigned (ID: 4547446986, Size: 329, Expected Digest: sha256:ef1668ba1f590f8787533f1bba375308da9bef01d518470a6f0a6c3f7588c57b)
codesign-dev	Download unsigned artifacts	2025-11-12T19:07:43.2515177Z Redirecting to blob download url: https://productionresultssa14.blob.core.windows.net/actions-results/404cab0c-06cf-4b8a-957b-fafff01f9ab2/workflow-job-run-8bbc48aa-71f6-5d10-b2e5-98d0e86dcdb7/artifacts/ceffe727ab2fa2c7c3322ee4a1aa0c2d2a4664836c2133df93dd15055bb617be.zip
codesign-dev	Download unsigned artifacts	2025-11-12T19:07:43.2520627Z Starting download of artifact to: D:\a\icon-editor-lab\icon-editor-lab\unsigned
codesign-dev	Download unsigned artifacts	2025-11-12T19:07:43.3810383Z (node:10116) [DEP0005] DeprecationWarning: Buffer() is deprecated due to security and usability issues. Please use the Buffer.alloc(), Buffer.allocUnsafe(), or Buffer.from() methods instead.
codesign-dev	Download unsigned artifacts	2025-11-12T19:07:43.3817359Z (Use `node --trace-deprecation ...` to show where the warning was created)
codesign-dev	Download unsigned artifacts	2025-11-12T19:07:43.3884483Z SHA256 digest of downloaded artifact is ef1668ba1f590f8787533f1bba375308da9bef01d518470a6f0a6c3f7588c57b
codesign-dev	Download unsigned artifacts	2025-11-12T19:07:43.3887178Z Artifact download completed successfully.
codesign-dev	Download unsigned artifacts	2025-11-12T19:07:43.3888623Z Total of 1 artifact(s) downloaded
codesign-dev	Download unsigned artifacts	2025-11-12T19:07:43.3895293Z Download artifact has finished successfully
codesign-dev	Require code-signing secrets	‚à©‚ïó‚îê2025-11-12T19:07:43.4326929Z ##[group]Run if ([string]::IsNullOrWhiteSpace('***
codesign-dev	Require code-signing secrets	2025-11-12T19:07:43.4380440Z [36;1mif ([string]::IsNullOrWhiteSpace('***[0m
codesign-dev	Require code-signing secrets	2025-11-12T19:07:43.4381919Z [36;1m') -or [string]::IsNullOrWhiteSpace('***[0m
codesign-dev	Require code-signing secrets	2025-11-12T19:07:43.4384654Z [36;1m')) {[0m
codesign-dev	Require code-signing secrets	2025-11-12T19:07:43.4386131Z [36;1m  throw 'Missing WIN_CODESIGN_PFX_B64 or WIN_CODESIGN_PFX_PASSWORD in environment codesign-dev.'[0m
codesign-dev	Require code-signing secrets	2025-11-12T19:07:43.4387683Z [36;1m}[0m
codesign-dev	Require code-signing secrets	2025-11-12T19:07:43.5369238Z shell: C:\Program Files\PowerShell\7\pwsh.EXE -command ". '{0}'"
codesign-dev	Require code-signing secrets	2025-11-12T19:07:43.5370605Z env:
codesign-dev	Require code-signing secrets	2025-11-12T19:07:43.5371578Z   TSA_URL: http://timestamp.digicert.com
codesign-dev	Require code-signing secrets	2025-11-12T19:07:43.5373044Z   SIGN_ROOT: out
codesign-dev	Require code-signing secrets	2025-11-12T19:07:43.5373968Z   EXPECTED_THUMBPRINT: 
codesign-dev	Require code-signing secrets	2025-11-12T19:07:43.5478318Z ##[endgroup]
codesign-dev	Decode PFX (temp file)	‚à©‚ïó‚îê2025-11-12T19:07:53.8731680Z ##[group]Run [IO.File]::WriteAllBytes("$env:RUNNER_TEMP\\codesign.pfx", [Convert]::FromBase64String('***
codesign-dev	Decode PFX (temp file)	2025-11-12T19:07:53.8752831Z [36;1m[IO.File]::WriteAllBytes("$env:RUNNER_TEMP\\codesign.pfx", [Convert]::FromBase64String('***[0m
codesign-dev	Decode PFX (temp file)	2025-11-12T19:07:53.8753301Z [36;1m'))[0m
codesign-dev	Decode PFX (temp file)	2025-11-12T19:07:53.8819559Z shell: C:\Program Files\PowerShell\7\pwsh.EXE -command ". '{0}'"
codesign-dev	Decode PFX (temp file)	2025-11-12T19:07:53.8820095Z env:
codesign-dev	Decode PFX (temp file)	2025-11-12T19:07:53.8820377Z   TSA_URL: http://timestamp.digicert.com
codesign-dev	Decode PFX (temp file)	2025-11-12T19:07:53.8820659Z   SIGN_ROOT: out
codesign-dev	Decode PFX (temp file)	2025-11-12T19:07:53.8820882Z   EXPECTED_THUMBPRINT: 
codesign-dev	Decode PFX (temp file)	2025-11-12T19:07:53.8821106Z ##[endgroup]
codesign-dev	Sign binaries (signtool)	‚à©‚ïó‚îê2025-11-12T19:07:54.3116327Z ##[group]Run $signtool = (Get-Command signtool.exe).Source
codesign-dev	Sign binaries (signtool)	2025-11-12T19:07:54.3116841Z [36;1m$signtool = (Get-Command signtool.exe).Source[0m
codesign-dev	Sign binaries (signtool)	2025-11-12T19:07:54.3117170Z [36;1m$tsa = 'http://timestamp.digicert.com'[0m
codesign-dev	Sign binaries (signtool)	2025-11-12T19:07:54.3117641Z [36;1m$pe = Get-ChildItem unsigned -Include *.exe,*.dll,*.msi -Recurse -ErrorAction SilentlyContinue[0m
codesign-dev	Sign binaries (signtool)	2025-11-12T19:07:54.3118065Z [36;1mforeach ($f in $pe) {[0m
codesign-dev	Sign binaries (signtool)	2025-11-12T19:07:54.3118532Z [36;1m  & $signtool sign /fd SHA256 /f "$env:RUNNER_TEMP\\codesign.pfx" /p '***[0m
codesign-dev	Sign binaries (signtool)	2025-11-12T19:07:54.3118895Z [36;1m' /tr $tsa /td SHA256 $f.FullName[0m
codesign-dev	Sign binaries (signtool)	2025-11-12T19:07:54.3119121Z [36;1m}[0m
codesign-dev	Sign binaries (signtool)	2025-11-12T19:07:54.3176344Z shell: C:\Program Files\PowerShell\7\pwsh.EXE -command ". '{0}'"
codesign-dev	Sign binaries (signtool)	2025-11-12T19:07:54.3176690Z env:
codesign-dev	Sign binaries (signtool)	2025-11-12T19:07:54.3176930Z   TSA_URL: http://timestamp.digicert.com
codesign-dev	Sign binaries (signtool)	2025-11-12T19:07:54.3177184Z   SIGN_ROOT: out
codesign-dev	Sign binaries (signtool)	2025-11-12T19:07:54.3177381Z   EXPECTED_THUMBPRINT: 
codesign-dev	Sign binaries (signtool)	2025-11-12T19:07:54.3177586Z ##[endgroup]
codesign-dev	Sign binaries (signtool)	2025-11-12T19:07:55.7965674Z [31;1mGet-Command: [0mD:\a\_temp\7c27a81a-3f9b-4dec-80e7-0a4734ef8545.ps1:2[0m
codesign-dev	Sign binaries (signtool)	2025-11-12T19:07:55.7967125Z [31;1m[0m[36;1mLine |[0m
codesign-dev	Sign binaries (signtool)	2025-11-12T19:07:55.7967761Z [31;1m[0m[36;1m[36;1m   2 | [0m $signtool = ([36;1mGet-Command signtool.exe[0m).Source[0m
codesign-dev	Sign binaries (signtool)	2025-11-12T19:07:55.7968492Z [31;1m[0m[36;1m[36;1m[0m[36;1m[0m[36;1m     | [31;1m              ~~~~~~~~~~~~~~~~~~~~~~~~[0m
codesign-dev	Sign binaries (signtool)	2025-11-12T19:07:55.7969449Z [31;1m[0m[36;1m[36;1m[0m[36;1m[0m[36;1m[31;1m[31;1m[36;1m     | [31;1mThe term 'signtool.exe' is not recognized as a name of a cmdlet, function, script file, or executable program.[0m
codesign-dev	Sign binaries (signtool)	2025-11-12T19:07:55.7970746Z [31;1m[0m[36;1m[36;1m[0m[36;1m[0m[36;1m[31;1m[31;1m[36;1m[31;1m[36;1m     | [31;1mCheck the spelling of the name, or if a path was included, verify that the path is correct and try again.[0m
codesign-dev	Sign binaries (signtool)	2025-11-12T19:07:55.8476122Z ##[error]Process completed with exit code 1.
codesign-dev	Cleanup PFX	‚à©‚ïó‚îê2025-11-12T19:07:55.8642694Z ##[group]Run Remove-Item "$env:RUNNER_TEMP\\codesign.pfx" -Force -ErrorAction SilentlyContinue
codesign-dev	Cleanup PFX	2025-11-12T19:07:55.8643350Z [36;1mRemove-Item "$env:RUNNER_TEMP\\codesign.pfx" -Force -ErrorAction SilentlyContinue[0m
codesign-dev	Cleanup PFX	2025-11-12T19:07:55.8700771Z shell: C:\Program Files\PowerShell\7\pwsh.EXE -command ". '{0}'"
codesign-dev	Cleanup PFX	2025-11-12T19:07:55.8701096Z env:
codesign-dev	Cleanup PFX	2025-11-12T19:07:55.8701314Z   TSA_URL: http://timestamp.digicert.com
codesign-dev	Cleanup PFX	2025-11-12T19:07:55.8701563Z   SIGN_ROOT: out
codesign-dev	Cleanup PFX	2025-11-12T19:07:55.8701755Z   EXPECTED_THUMBPRINT: 
codesign-dev	Cleanup PFX	2025-11-12T19:07:55.8702323Z ##[endgroup]
codesign-dev	Complete job	‚à©‚ïó‚îê2025-11-12T19:07:56.2034072Z Cleaning up orphan processes

