codesign-dev	Set up job	‚à©‚ïó‚îê2025-11-12T19:10:00.0355539Z Current runner version: '2.329.0'
codesign-dev	Set up job	2025-11-12T19:10:00.0627538Z ##[group]Runner Image Provisioner
codesign-dev	Set up job	2025-11-12T19:10:00.0628702Z Hosted Compute Agent
codesign-dev	Set up job	2025-11-12T19:10:00.0629475Z Version: 20251016.436
codesign-dev	Set up job	2025-11-12T19:10:00.0630391Z Commit: 8ab8ac8bfd662a3739dab9fe09456aba92132568
codesign-dev	Set up job	2025-11-12T19:10:00.0631381Z Build Date: 2025-10-15T20:44:12Z
codesign-dev	Set up job	2025-11-12T19:10:00.0632210Z ##[endgroup]
codesign-dev	Set up job	2025-11-12T19:10:00.0632954Z ##[group]Operating System
codesign-dev	Set up job	2025-11-12T19:10:00.0633744Z Microsoft Windows Server 2025
codesign-dev	Set up job	2025-11-12T19:10:00.0634544Z 10.0.26100
codesign-dev	Set up job	2025-11-12T19:10:00.0635235Z Datacenter
codesign-dev	Set up job	2025-11-12T19:10:00.0635858Z ##[endgroup]
codesign-dev	Set up job	2025-11-12T19:10:00.0636541Z ##[group]Runner Image
codesign-dev	Set up job	2025-11-12T19:10:00.0637335Z Image: windows-2025
codesign-dev	Set up job	2025-11-12T19:10:00.0638062Z Version: 20251102.77.1
codesign-dev	Set up job	2025-11-12T19:10:00.0639630Z Included Software: https://github.com/actions/runner-images/blob/win25/20251102.77/images/windows/Windows2025-Readme.md
codesign-dev	Set up job	2025-11-12T19:10:00.0641931Z Image Release: https://github.com/actions/runner-images/releases/tag/win25%2F20251102.77
codesign-dev	Set up job	2025-11-12T19:10:00.0644132Z ##[endgroup]
codesign-dev	Set up job	2025-11-12T19:10:00.0645960Z ##[group]GITHUB_TOKEN Permissions
codesign-dev	Set up job	2025-11-12T19:10:00.0648276Z Contents: read
codesign-dev	Set up job	2025-11-12T19:10:00.0648794Z Metadata: read
codesign-dev	Set up job	2025-11-12T19:10:00.0649266Z ##[endgroup]
codesign-dev	Set up job	2025-11-12T19:10:00.0651665Z Secret source: Actions
codesign-dev	Set up job	2025-11-12T19:10:00.0652450Z Prepare workflow directory
codesign-dev	Set up job	2025-11-12T19:10:00.1297010Z Prepare all required actions
codesign-dev	Set up job	2025-11-12T19:10:00.1350605Z Getting action download info
codesign-dev	Set up job	2025-11-12T19:10:00.3545197Z Download action repository 'actions/download-artifact@v4' (SHA:d3f86a106a0bac45b974a628896c90dbdf5c8093)
codesign-dev	Set up job	2025-11-12T19:10:00.7524209Z Download action repository 'actions/upload-artifact@v4' (SHA:ea165f8d65b6e75b540449e92b4886f43607fa02)
codesign-dev	Set up job	2025-11-12T19:10:01.0801191Z Complete job name: codesign-dev
codesign-dev	Download unsigned artifacts	‚à©‚ïó‚îê2025-11-12T19:10:01.2662401Z ##[group]Run actions/download-artifact@v4
codesign-dev	Download unsigned artifacts	2025-11-12T19:10:01.2664804Z with:
codesign-dev	Download unsigned artifacts	2025-11-12T19:10:01.2665314Z   name: unsigned
codesign-dev	Download unsigned artifacts	2025-11-12T19:10:01.2665826Z   path: unsigned
codesign-dev	Download unsigned artifacts	2025-11-12T19:10:01.2666415Z   merge-multiple: false
codesign-dev	Download unsigned artifacts	2025-11-12T19:10:01.2667012Z   repository: svelderrainruiz/icon-editor-lab
codesign-dev	Download unsigned artifacts	2025-11-12T19:10:01.2667680Z   run-id: 19308900335
codesign-dev	Download unsigned artifacts	2025-11-12T19:10:01.2668982Z env:
codesign-dev	Download unsigned artifacts	2025-11-12T19:10:01.2669600Z   TSA_URL: http://timestamp.digicert.com
codesign-dev	Download unsigned artifacts	2025-11-12T19:10:01.2670264Z   SIGN_ROOT: out
codesign-dev	Download unsigned artifacts	2025-11-12T19:10:01.2670755Z   EXPECTED_THUMBPRINT: 
codesign-dev	Download unsigned artifacts	2025-11-12T19:10:01.2671267Z ##[endgroup]
codesign-dev	Download unsigned artifacts	2025-11-12T19:10:01.6137097Z Downloading single artifact
codesign-dev	Download unsigned artifacts	2025-11-12T19:10:01.7423119Z Preparing to download the following artifacts:
codesign-dev	Download unsigned artifacts	2025-11-12T19:10:01.7426193Z - unsigned (ID: 4547471797, Size: 329, Expected Digest: sha256:2dc7e1ad3d6a9b241b3e20f3ab6de7573a700c78819c6261068df17449a5e5ae)
codesign-dev	Download unsigned artifacts	2025-11-12T19:10:01.8108403Z Redirecting to blob download url: https://productionresultssa12.blob.core.windows.net/actions-results/1a4d8d12-c3c3-4b8f-a512-2b4f6c38183f/workflow-job-run-a748e1e3-09bb-5169-bc10-6b6e1335c46a/artifacts/ceffe727ab2fa2c7c3322ee4a1aa0c2d2a4664836c2133df93dd15055bb617be.zip
codesign-dev	Download unsigned artifacts	2025-11-12T19:10:01.8115640Z Starting download of artifact to: D:\a\icon-editor-lab\icon-editor-lab\unsigned
codesign-dev	Download unsigned artifacts	2025-11-12T19:10:01.8773483Z (node:636) [DEP0005] DeprecationWarning: Buffer() is deprecated due to security and usability issues. Please use the Buffer.alloc(), Buffer.allocUnsafe(), or Buffer.from() methods instead.
codesign-dev	Download unsigned artifacts	2025-11-12T19:10:01.8778012Z (Use `node --trace-deprecation ...` to show where the warning was created)
codesign-dev	Download unsigned artifacts	2025-11-12T19:10:01.8860674Z SHA256 digest of downloaded artifact is 2dc7e1ad3d6a9b241b3e20f3ab6de7573a700c78819c6261068df17449a5e5ae
codesign-dev	Download unsigned artifacts	2025-11-12T19:10:01.8864741Z Artifact download completed successfully.
codesign-dev	Download unsigned artifacts	2025-11-12T19:10:01.8866678Z Total of 1 artifact(s) downloaded
codesign-dev	Download unsigned artifacts	2025-11-12T19:10:01.8875063Z Download artifact has finished successfully
codesign-dev	Require code-signing secrets	‚à©‚ïó‚îê2025-11-12T19:10:01.9478091Z ##[group]Run if ([string]::IsNullOrWhiteSpace('***
codesign-dev	Require code-signing secrets	2025-11-12T19:10:01.9545764Z [36;1mif ([string]::IsNullOrWhiteSpace('***[0m
codesign-dev	Require code-signing secrets	2025-11-12T19:10:01.9547174Z [36;1m') -or [string]::IsNullOrWhiteSpace('***[0m
codesign-dev	Require code-signing secrets	2025-11-12T19:10:01.9550613Z [36;1m')) {[0m
codesign-dev	Require code-signing secrets	2025-11-12T19:10:01.9552128Z [36;1m  throw 'Missing WIN_CODESIGN_PFX_B64 or WIN_CODESIGN_PFX_PASSWORD in environment codesign-dev.'[0m
codesign-dev	Require code-signing secrets	2025-11-12T19:10:01.9554054Z [36;1m}[0m
codesign-dev	Require code-signing secrets	2025-11-12T19:10:02.3909937Z shell: C:\Program Files\PowerShell\7\pwsh.EXE -command ". '{0}'"
codesign-dev	Require code-signing secrets	2025-11-12T19:10:02.3911623Z env:
codesign-dev	Require code-signing secrets	2025-11-12T19:10:02.3912604Z   TSA_URL: http://timestamp.digicert.com
codesign-dev	Require code-signing secrets	2025-11-12T19:10:02.3913891Z   SIGN_ROOT: out
codesign-dev	Require code-signing secrets	2025-11-12T19:10:02.3914783Z   EXPECTED_THUMBPRINT: 
codesign-dev	Require code-signing secrets	2025-11-12T19:10:02.3915697Z ##[endgroup]
codesign-dev	Decode PFX (temp file)	‚à©‚ïó‚îê2025-11-12T19:10:14.8740734Z ##[group]Run [IO.File]::WriteAllBytes("$env:RUNNER_TEMP\\codesign.pfx", [Convert]::FromBase64String('***
codesign-dev	Decode PFX (temp file)	2025-11-12T19:10:14.8760297Z [36;1m[IO.File]::WriteAllBytes("$env:RUNNER_TEMP\\codesign.pfx", [Convert]::FromBase64String('***[0m
codesign-dev	Decode PFX (temp file)	2025-11-12T19:10:14.8760787Z [36;1m'))[0m
codesign-dev	Decode PFX (temp file)	2025-11-12T19:10:14.8823980Z shell: C:\Program Files\PowerShell\7\pwsh.EXE -command ". '{0}'"
codesign-dev	Decode PFX (temp file)	2025-11-12T19:10:14.8824373Z env:
codesign-dev	Decode PFX (temp file)	2025-11-12T19:10:14.8824745Z   TSA_URL: http://timestamp.digicert.com
codesign-dev	Decode PFX (temp file)	2025-11-12T19:10:14.8825042Z   SIGN_ROOT: out
codesign-dev	Decode PFX (temp file)	2025-11-12T19:10:14.8825266Z   EXPECTED_THUMBPRINT: 
codesign-dev	Decode PFX (temp file)	2025-11-12T19:10:14.8825493Z ##[endgroup]
codesign-dev	Sign binaries (signtool)	‚à©‚ïó‚îê2025-11-12T19:10:15.3524449Z ##[group]Run $signtoolCmd = Get-Command signtool.exe -ErrorAction SilentlyContinue
codesign-dev	Sign binaries (signtool)	2025-11-12T19:10:15.3525129Z [36;1m$signtoolCmd = Get-Command signtool.exe -ErrorAction SilentlyContinue[0m
codesign-dev	Sign binaries (signtool)	2025-11-12T19:10:15.3525664Z [36;1mif (-not $signtoolCmd) { Write-Host 'signtool.exe not found; skipping PE signing.'; return }[0m
codesign-dev	Sign binaries (signtool)	2025-11-12T19:10:15.3526083Z [36;1m$signtool = $signtoolCmd.Source[0m
codesign-dev	Sign binaries (signtool)	2025-11-12T19:10:15.3526395Z [36;1m$tsa = 'http://timestamp.digicert.com'[0m
codesign-dev	Sign binaries (signtool)	2025-11-12T19:10:15.3526857Z [36;1m$pe = Get-ChildItem unsigned -Include *.exe,*.dll,*.msi -Recurse -ErrorAction SilentlyContinue[0m
codesign-dev	Sign binaries (signtool)	2025-11-12T19:10:15.3527313Z [36;1mforeach ($f in $pe) {[0m
codesign-dev	Sign binaries (signtool)	2025-11-12T19:10:15.3527808Z [36;1m  & $signtool sign /fd SHA256 /f "$env:RUNNER_TEMP\\codesign.pfx" /p '***[0m
codesign-dev	Sign binaries (signtool)	2025-11-12T19:10:15.3528182Z [36;1m' /tr $tsa /td SHA256 $f.FullName[0m
codesign-dev	Sign binaries (signtool)	2025-11-12T19:10:15.3528404Z [36;1m}[0m
codesign-dev	Sign binaries (signtool)	2025-11-12T19:10:15.3588740Z shell: C:\Program Files\PowerShell\7\pwsh.EXE -command ". '{0}'"
codesign-dev	Sign binaries (signtool)	2025-11-12T19:10:15.3589131Z env:
codesign-dev	Sign binaries (signtool)	2025-11-12T19:10:15.3589354Z   TSA_URL: http://timestamp.digicert.com
codesign-dev	Sign binaries (signtool)	2025-11-12T19:10:15.3589617Z   SIGN_ROOT: out
codesign-dev	Sign binaries (signtool)	2025-11-12T19:10:15.3589811Z   EXPECTED_THUMBPRINT: 
codesign-dev	Sign binaries (signtool)	2025-11-12T19:10:15.3589996Z ##[endgroup]
codesign-dev	Sign binaries (signtool)	2025-11-12T19:10:16.6134562Z signtool.exe not found; skipping PE signing.
codesign-dev	Sign scripts (Authenticode)	‚à©‚ïó‚îê2025-11-12T19:10:16.6823373Z ##[group]Run $bytes = [Convert]::FromBase64String('***
codesign-dev	Sign scripts (Authenticode)	2025-11-12T19:10:16.6842450Z [36;1m$bytes = [Convert]::FromBase64String('***[0m
codesign-dev	Sign scripts (Authenticode)	2025-11-12T19:10:16.6842730Z [36;1m')[0m
codesign-dev	Sign scripts (Authenticode)	2025-11-12T19:10:16.6843128Z [36;1m$cert = New-Object System.Security.Cryptography.X509Certificates.X509Certificate2[0m
codesign-dev	Sign scripts (Authenticode)	2025-11-12T19:10:16.6843629Z [36;1m$cert.Import($bytes, '***[0m
codesign-dev	Sign scripts (Authenticode)	2025-11-12T19:10:16.6844078Z [36;1m', [System.Security.Cryptography.X509Certificates.X509KeyStorageFlags]::EphemeralKeySet)[0m
codesign-dev	Sign scripts (Authenticode)	2025-11-12T19:10:16.6844582Z [36;1m$tsa = 'http://timestamp.digicert.com'[0m
codesign-dev	Sign scripts (Authenticode)	2025-11-12T19:10:16.6845035Z [36;1m$scripts = Get-ChildItem unsigned -Include *.ps1,*.psm1 -Recurse -ErrorAction SilentlyContinue[0m
codesign-dev	Sign scripts (Authenticode)	2025-11-12T19:10:16.6845456Z [36;1mforeach ($s in $scripts) {[0m
codesign-dev	Sign scripts (Authenticode)	2025-11-12T19:10:16.6845977Z [36;1m  Set-AuthenticodeSignature -FilePath $s.FullName -Certificate $cert -TimestampServer $tsa -HashAlgorithm SHA256 | Out-Null[0m
codesign-dev	Sign scripts (Authenticode)	2025-11-12T19:10:16.6846483Z [36;1m}[0m
codesign-dev	Sign scripts (Authenticode)	2025-11-12T19:10:16.6908094Z shell: C:\Program Files\PowerShell\7\pwsh.EXE -command ". '{0}'"
codesign-dev	Sign scripts (Authenticode)	2025-11-12T19:10:16.6908508Z env:
codesign-dev	Sign scripts (Authenticode)	2025-11-12T19:10:16.6908704Z   TSA_URL: http://timestamp.digicert.com
codesign-dev	Sign scripts (Authenticode)	2025-11-12T19:10:16.6908957Z   SIGN_ROOT: out
codesign-dev	Sign scripts (Authenticode)	2025-11-12T19:10:16.6909141Z   EXPECTED_THUMBPRINT: 
codesign-dev	Sign scripts (Authenticode)	2025-11-12T19:10:16.6909331Z ##[endgroup]
codesign-dev	Sign scripts (Authenticode)	2025-11-12T19:10:17.6718358Z [31;1mParentContainsErrorRecordException: [0mD:\a\_temp\bb0e48ef-caf1-429b-9f26-340a1bb0a9a6.ps1:5[0m
codesign-dev	Sign scripts (Authenticode)	2025-11-12T19:10:17.6721104Z [31;1m[0m[36;1mLine |[0m
codesign-dev	Sign scripts (Authenticode)	2025-11-12T19:10:17.6722205Z [31;1m[0m[36;1m[36;1m   5 | [0m [36;1m$cert.Import($bytes, '***[0m
codesign-dev	Sign scripts (Authenticode)	2025-11-12T19:10:17.6723238Z [31;1m[0m[36;1m[36;1m[0m[36;1m[0m[36;1m     | [31;1m ~~~~~~~~~~~~~~~~~~~~~~~~~~~~~~~~~~~~~[0m
codesign-dev	Sign scripts (Authenticode)	2025-11-12T19:10:17.6725205Z [31;1m[0m[36;1m[36;1m[0m[36;1m[0m[36;1m[31;1m[31;1m[36;1m     | [31;1mException calling "Import" with "3" argument(s): "X509Certificate is immutable on this platform. Use the[0m
codesign-dev	Sign scripts (Authenticode)	2025-11-12T19:10:17.6727227Z [31;1m[0m[36;1m[36;1m[0m[36;1m[0m[36;1m[31;1m[31;1m[36;1m[31;1m[36;1m     | [31;1mequivalent constructor instead."[0m
codesign-dev	Sign scripts (Authenticode)	2025-11-12T19:10:17.7269912Z ##[error]Process completed with exit code 1.
codesign-dev	Cleanup PFX	‚à©‚ïó‚îê2025-11-12T19:10:17.7443529Z ##[group]Run Remove-Item "$env:RUNNER_TEMP\\codesign.pfx" -Force -ErrorAction SilentlyContinue
codesign-dev	Cleanup PFX	2025-11-12T19:10:17.7444198Z [36;1mRemove-Item "$env:RUNNER_TEMP\\codesign.pfx" -Force -ErrorAction SilentlyContinue[0m
codesign-dev	Cleanup PFX	2025-11-12T19:10:17.7505444Z shell: C:\Program Files\PowerShell\7\pwsh.EXE -command ". '{0}'"
codesign-dev	Cleanup PFX	2025-11-12T19:10:17.7505771Z env:
codesign-dev	Cleanup PFX	2025-11-12T19:10:17.7505959Z   TSA_URL: http://timestamp.digicert.com
codesign-dev	Cleanup PFX	2025-11-12T19:10:17.7506208Z   SIGN_ROOT: out
codesign-dev	Cleanup PFX	2025-11-12T19:10:17.7506389Z   EXPECTED_THUMBPRINT: 
codesign-dev	Cleanup PFX	2025-11-12T19:10:17.7506584Z ##[endgroup]
codesign-dev	Complete job	‚à©‚ïó‚îê2025-11-12T19:10:18.1017100Z Cleaning up orphan processes
