codesign-dev	Set up job	‚à©‚ïó‚îê2025-11-12T19:14:47.6734067Z Current runner version: '2.329.0'
codesign-dev	Set up job	2025-11-12T19:14:47.6804378Z ##[group]Runner Image Provisioner
codesign-dev	Set up job	2025-11-12T19:14:47.6805240Z Hosted Compute Agent
codesign-dev	Set up job	2025-11-12T19:14:47.6805771Z Version: 20251016.436
codesign-dev	Set up job	2025-11-12T19:14:47.6806427Z Commit: 8ab8ac8bfd662a3739dab9fe09456aba92132568
codesign-dev	Set up job	2025-11-12T19:14:47.6807335Z Build Date: 2025-10-15T20:44:12Z
codesign-dev	Set up job	2025-11-12T19:14:47.6807966Z ##[endgroup]
codesign-dev	Set up job	2025-11-12T19:14:47.6808484Z ##[group]Operating System
codesign-dev	Set up job	2025-11-12T19:14:47.6809001Z Microsoft Windows Server 2025
codesign-dev	Set up job	2025-11-12T19:14:47.6809520Z 10.0.26100
codesign-dev	Set up job	2025-11-12T19:14:47.6809971Z Datacenter
codesign-dev	Set up job	2025-11-12T19:14:47.6810684Z ##[endgroup]
codesign-dev	Set up job	2025-11-12T19:14:47.6811123Z ##[group]Runner Image
codesign-dev	Set up job	2025-11-12T19:14:47.6811645Z Image: windows-2025
codesign-dev	Set up job	2025-11-12T19:14:47.6812127Z Version: 20251102.77.1
codesign-dev	Set up job	2025-11-12T19:14:47.6813070Z Included Software: https://github.com/actions/runner-images/blob/win25/20251102.77/images/windows/Windows2025-Readme.md
codesign-dev	Set up job	2025-11-12T19:14:47.6814425Z Image Release: https://github.com/actions/runner-images/releases/tag/win25%2F20251102.77
codesign-dev	Set up job	2025-11-12T19:14:47.6815803Z ##[endgroup]
codesign-dev	Set up job	2025-11-12T19:14:47.6816805Z ##[group]GITHUB_TOKEN Permissions
codesign-dev	Set up job	2025-11-12T19:14:47.6818695Z Contents: read
codesign-dev	Set up job	2025-11-12T19:14:47.6819594Z Metadata: read
codesign-dev	Set up job	2025-11-12T19:14:47.6820109Z ##[endgroup]
codesign-dev	Set up job	2025-11-12T19:14:47.6822602Z Secret source: Actions
codesign-dev	Set up job	2025-11-12T19:14:47.6823360Z Prepare workflow directory
codesign-dev	Set up job	2025-11-12T19:14:47.7453739Z Prepare all required actions
codesign-dev	Set up job	2025-11-12T19:14:47.7495249Z Getting action download info
codesign-dev	Set up job	2025-11-12T19:14:48.0078604Z Download action repository 'actions/download-artifact@v4' (SHA:d3f86a106a0bac45b974a628896c90dbdf5c8093)
codesign-dev	Set up job	2025-11-12T19:14:48.5665202Z Download action repository 'actions/upload-artifact@v4' (SHA:ea165f8d65b6e75b540449e92b4886f43607fa02)
codesign-dev	Set up job	2025-11-12T19:14:48.8896916Z Complete job name: codesign-dev
codesign-dev	Download unsigned artifacts	‚à©‚ïó‚îê2025-11-12T19:14:49.0413455Z ##[group]Run actions/download-artifact@v4
codesign-dev	Download unsigned artifacts	2025-11-12T19:14:49.0415687Z with:
codesign-dev	Download unsigned artifacts	2025-11-12T19:14:49.0416427Z   name: unsigned
codesign-dev	Download unsigned artifacts	2025-11-12T19:14:49.0417365Z   path: unsigned
codesign-dev	Download unsigned artifacts	2025-11-12T19:14:49.0418015Z   merge-multiple: false
codesign-dev	Download unsigned artifacts	2025-11-12T19:14:49.0418721Z   repository: svelderrainruiz/icon-editor-lab
codesign-dev	Download unsigned artifacts	2025-11-12T19:14:49.0419555Z   run-id: 19309030616
codesign-dev	Download unsigned artifacts	2025-11-12T19:14:49.0420522Z env:
codesign-dev	Download unsigned artifacts	2025-11-12T19:14:49.0421108Z   TSA_URL: http://timestamp.digicert.com
codesign-dev	Download unsigned artifacts	2025-11-12T19:14:49.0421889Z   SIGN_ROOT: out
codesign-dev	Download unsigned artifacts	2025-11-12T19:14:49.0422450Z   EXPECTED_THUMBPRINT: 
codesign-dev	Download unsigned artifacts	2025-11-12T19:14:49.0423041Z ##[endgroup]
codesign-dev	Download unsigned artifacts	2025-11-12T19:14:49.3458804Z Downloading single artifact
codesign-dev	Download unsigned artifacts	2025-11-12T19:14:49.5226994Z Preparing to download the following artifacts:
codesign-dev	Download unsigned artifacts	2025-11-12T19:14:49.5231157Z - unsigned (ID: 4547525272, Size: 329, Expected Digest: sha256:aa95deb73b42056b1a7ab6bd2056211ce3b9718543f4c4db3f63ccdea573bd1a)
codesign-dev	Download unsigned artifacts	2025-11-12T19:14:49.6507971Z Redirecting to blob download url: https://productionresultssa9.blob.core.windows.net/actions-results/ccfc6464-aa89-475a-a030-2423eee2ec3b/workflow-job-run-4b919c29-922d-5b27-927d-7791284ad144/artifacts/ceffe727ab2fa2c7c3322ee4a1aa0c2d2a4664836c2133df93dd15055bb617be.zip
codesign-dev	Download unsigned artifacts	2025-11-12T19:14:49.6521410Z Starting download of artifact to: D:\a\icon-editor-lab\icon-editor-lab\unsigned
codesign-dev	Download unsigned artifacts	2025-11-12T19:14:49.7744540Z (node:5096) [DEP0005] DeprecationWarning: Buffer() is deprecated due to security and usability issues. Please use the Buffer.alloc(), Buffer.allocUnsafe(), or Buffer.from() methods instead.
codesign-dev	Download unsigned artifacts	2025-11-12T19:14:49.7748420Z (Use `node --trace-deprecation ...` to show where the warning was created)
codesign-dev	Download unsigned artifacts	2025-11-12T19:14:49.7846870Z SHA256 digest of downloaded artifact is aa95deb73b42056b1a7ab6bd2056211ce3b9718543f4c4db3f63ccdea573bd1a
codesign-dev	Download unsigned artifacts	2025-11-12T19:14:49.7850362Z Artifact download completed successfully.
codesign-dev	Download unsigned artifacts	2025-11-12T19:14:49.7852136Z Total of 1 artifact(s) downloaded
codesign-dev	Download unsigned artifacts	2025-11-12T19:14:49.7860286Z Download artifact has finished successfully
codesign-dev	Require code-signing secrets	‚à©‚ïó‚îê2025-11-12T19:14:49.8446427Z ##[group]Run if ([string]::IsNullOrWhiteSpace('***
codesign-dev	Require code-signing secrets	2025-11-12T19:14:49.8552598Z [36;1mif ([string]::IsNullOrWhiteSpace('***[0m
codesign-dev	Require code-signing secrets	2025-11-12T19:14:49.8554200Z [36;1m') -or [string]::IsNullOrWhiteSpace('***[0m
codesign-dev	Require code-signing secrets	2025-11-12T19:14:49.8558459Z [36;1m')) {[0m
codesign-dev	Require code-signing secrets	2025-11-12T19:14:49.8560297Z [36;1m  throw 'Missing WIN_CODESIGN_PFX_B64 or WIN_CODESIGN_PFX_PASSWORD in environment codesign-dev.'[0m
codesign-dev	Require code-signing secrets	2025-11-12T19:14:49.8561969Z [36;1m}[0m
codesign-dev	Require code-signing secrets	2025-11-12T19:14:49.9454734Z shell: C:\Program Files\PowerShell\7\pwsh.EXE -command ". '{0}'"
codesign-dev	Require code-signing secrets	2025-11-12T19:14:49.9456069Z env:
codesign-dev	Require code-signing secrets	2025-11-12T19:14:49.9456874Z   TSA_URL: http://timestamp.digicert.com
codesign-dev	Require code-signing secrets	2025-11-12T19:14:49.9458187Z   SIGN_ROOT: out
codesign-dev	Require code-signing secrets	2025-11-12T19:14:49.9458977Z   EXPECTED_THUMBPRINT: 
codesign-dev	Require code-signing secrets	2025-11-12T19:14:49.9459784Z ##[endgroup]
codesign-dev	Decode PFX (temp file)	‚à©‚ïó‚îê2025-11-12T19:14:56.9209742Z ##[group]Run [IO.File]::WriteAllBytes("$env:RUNNER_TEMP\\codesign.pfx", [Convert]::FromBase64String('***
codesign-dev	Decode PFX (temp file)	2025-11-12T19:14:56.9229929Z [36;1m[IO.File]::WriteAllBytes("$env:RUNNER_TEMP\\codesign.pfx", [Convert]::FromBase64String('***[0m
codesign-dev	Decode PFX (temp file)	2025-11-12T19:14:56.9230419Z [36;1m'))[0m
codesign-dev	Decode PFX (temp file)	2025-11-12T19:14:56.9297974Z shell: C:\Program Files\PowerShell\7\pwsh.EXE -command ". '{0}'"
codesign-dev	Decode PFX (temp file)	2025-11-12T19:14:56.9298445Z env:
codesign-dev	Decode PFX (temp file)	2025-11-12T19:14:56.9298759Z   TSA_URL: http://timestamp.digicert.com
codesign-dev	Decode PFX (temp file)	2025-11-12T19:14:56.9299082Z   SIGN_ROOT: out
codesign-dev	Decode PFX (temp file)	2025-11-12T19:14:56.9299331Z   EXPECTED_THUMBPRINT: 
codesign-dev	Decode PFX (temp file)	2025-11-12T19:14:56.9299583Z ##[endgroup]
codesign-dev	Sign binaries (signtool)	‚à©‚ïó‚îê2025-11-12T19:14:57.3985395Z ##[group]Run $signtoolCmd = Get-Command signtool.exe -ErrorAction SilentlyContinue
codesign-dev	Sign binaries (signtool)	2025-11-12T19:14:57.3986180Z [36;1m$signtoolCmd = Get-Command signtool.exe -ErrorAction SilentlyContinue[0m
codesign-dev	Sign binaries (signtool)	2025-11-12T19:14:57.3987208Z [36;1mif (-not $signtoolCmd) { Write-Host 'signtool.exe not found; skipping PE signing.'; return }[0m
codesign-dev	Sign binaries (signtool)	2025-11-12T19:14:57.3987708Z [36;1m$signtool = $signtoolCmd.Source[0m
codesign-dev	Sign binaries (signtool)	2025-11-12T19:14:57.3988050Z [36;1m$tsa = 'http://timestamp.digicert.com'[0m
codesign-dev	Sign binaries (signtool)	2025-11-12T19:14:57.3988542Z [36;1m$pe = Get-ChildItem unsigned -Include *.exe,*.dll,*.msi -Recurse -ErrorAction SilentlyContinue[0m
codesign-dev	Sign binaries (signtool)	2025-11-12T19:14:57.3989033Z [36;1mforeach ($f in $pe) {[0m
codesign-dev	Sign binaries (signtool)	2025-11-12T19:14:57.3989568Z [36;1m  & $signtool sign /fd SHA256 /f "$env:RUNNER_TEMP\\codesign.pfx" /p '***[0m
codesign-dev	Sign binaries (signtool)	2025-11-12T19:14:57.3989983Z [36;1m' /tr $tsa /td SHA256 $f.FullName[0m
codesign-dev	Sign binaries (signtool)	2025-11-12T19:14:57.3990234Z [36;1m}[0m
codesign-dev	Sign binaries (signtool)	2025-11-12T19:14:57.4052616Z shell: C:\Program Files\PowerShell\7\pwsh.EXE -command ". '{0}'"
codesign-dev	Sign binaries (signtool)	2025-11-12T19:14:57.4053114Z env:
codesign-dev	Sign binaries (signtool)	2025-11-12T19:14:57.4053345Z   TSA_URL: http://timestamp.digicert.com
codesign-dev	Sign binaries (signtool)	2025-11-12T19:14:57.4053623Z   SIGN_ROOT: out
codesign-dev	Sign binaries (signtool)	2025-11-12T19:14:57.4053812Z   EXPECTED_THUMBPRINT: 
codesign-dev	Sign binaries (signtool)	2025-11-12T19:14:57.4054024Z ##[endgroup]
codesign-dev	Sign binaries (signtool)	2025-11-12T19:14:58.4441675Z signtool.exe not found; skipping PE signing.
codesign-dev	Sign scripts (Authenticode)	‚à©‚ïó‚îê2025-11-12T19:14:58.5206614Z ##[group]Run $pwd = ConvertTo-SecureString '***
codesign-dev	Sign scripts (Authenticode)	2025-11-12T19:14:58.5207241Z [36;1m$pwd = ConvertTo-SecureString '***[0m
codesign-dev	Sign scripts (Authenticode)	2025-11-12T19:14:58.5207589Z [36;1m' -AsPlainText -Force[0m
codesign-dev	Sign scripts (Authenticode)	2025-11-12T19:14:58.5208540Z [36;1m$cert = Import-PfxCertificate -FilePath "$env:RUNNER_TEMP\codesign.pfx" -CertStoreLocation Cert:\CurrentUser\My***
codesign-dev	Sign scripts (Authenticode)	2025-11-12T19:14:58.5209291Z [36;1m$tsa = 'http://timestamp.digicert.com'[0m
codesign-dev	Sign scripts (Authenticode)	2025-11-12T19:14:58.5209911Z [36;1m$scripts = Get-ChildItem unsigned -Include *.ps1,*.psm1 -Recurse -ErrorAction SilentlyContinue[0m
codesign-dev	Sign scripts (Authenticode)	2025-11-12T19:14:58.5210499Z [36;1mforeach ($s in $scripts) {[0m
codesign-dev	Sign scripts (Authenticode)	2025-11-12T19:14:58.5211202Z [36;1m  Set-AuthenticodeSignature -FilePath $s.FullName -Certificate $cert -TimestampServer $tsa -HashAlgorithm SHA256 | Out-Null[0m
codesign-dev	Sign scripts (Authenticode)	2025-11-12T19:14:58.5211892Z [36;1m}[0m
codesign-dev	Sign scripts (Authenticode)	2025-11-12T19:14:58.5273711Z shell: C:\Program Files\PowerShell\7\pwsh.EXE -command ". '{0}'"
codesign-dev	Sign scripts (Authenticode)	2025-11-12T19:14:58.5274130Z env:
codesign-dev	Sign scripts (Authenticode)	2025-11-12T19:14:58.5274366Z   TSA_URL: http://timestamp.digicert.com
codesign-dev	Sign scripts (Authenticode)	2025-11-12T19:14:58.5274735Z   SIGN_ROOT: out
codesign-dev	Sign scripts (Authenticode)	2025-11-12T19:14:58.5275294Z   EXPECTED_THUMBPRINT: 
codesign-dev	Sign scripts (Authenticode)	2025-11-12T19:14:58.5275534Z ##[endgroup]
codesign-dev	Sign scripts (Authenticode)	2025-11-12T19:15:00.2057249Z [31;1mImport-PfxCertificate: [0mD:\a\_temp\55ee818a-52f3-4cc8-9707-0cdca591235a.ps1:4[0m
codesign-dev	Sign scripts (Authenticode)	2025-11-12T19:15:00.2058833Z [31;1m[0m[36;1mLine |[0m
codesign-dev	Sign scripts (Authenticode)	2025-11-12T19:15:00.2060575Z [31;1m[0m[36;1m[36;1m   4 | [0m $cert = [36;1mImport-PfxCertificate -FilePath "$env:RUNNER_TEMP\codesign.pf[0m Œì√á¬™[0m
codesign-dev	Sign scripts (Authenticode)	2025-11-12T19:15:00.2064553Z [31;1m[0m[36;1m[36;1m[0m[36;1m[0m[36;1m     | [31;1m         ~~~~~~~~~~~~~~~~~~~~~~~~~~~~~~~~~~~~~~~~~~~~~~~~~~~~~~~~~~~~~[0m
codesign-dev	Sign scripts (Authenticode)	2025-11-12T19:15:00.2067343Z [31;1m[0m[36;1m[36;1m[0m[36;1m[0m[36;1m[31;1m[31;1m[36;1m     | [31;1mThe PFX file you are trying to import requires either a different password or membership in an Active Directory[0m
codesign-dev	Sign scripts (Authenticode)	2025-11-12T19:15:00.2069167Z [31;1m[0m[36;1m[36;1m[0m[36;1m[0m[36;1m[31;1m[31;1m[36;1m[31;1m[36;1m     | [31;1mprincipal to which it is protected.[0m
codesign-dev	Sign scripts (Authenticode)	2025-11-12T19:15:00.2660349Z ##[error]Process completed with exit code 1.
codesign-dev	Cleanup PFX	‚à©‚ïó‚îê2025-11-12T19:15:00.2841284Z ##[group]Run Remove-Item "$env:RUNNER_TEMP\\codesign.pfx" -Force -ErrorAction SilentlyContinue
codesign-dev	Cleanup PFX	2025-11-12T19:15:00.2841969Z [36;1mRemove-Item "$env:RUNNER_TEMP\\codesign.pfx" -Force -ErrorAction SilentlyContinue[0m
codesign-dev	Cleanup PFX	2025-11-12T19:15:00.2902396Z shell: C:\Program Files\PowerShell\7\pwsh.EXE -command ". '{0}'"
codesign-dev	Cleanup PFX	2025-11-12T19:15:00.2902759Z env:
codesign-dev	Cleanup PFX	2025-11-12T19:15:00.2902966Z   TSA_URL: http://timestamp.digicert.com
codesign-dev	Cleanup PFX	2025-11-12T19:15:00.2903223Z   SIGN_ROOT: out
codesign-dev	Cleanup PFX	2025-11-12T19:15:00.2903453Z   EXPECTED_THUMBPRINT: 
codesign-dev	Cleanup PFX	2025-11-12T19:15:00.2903776Z ##[endgroup]
codesign-dev	Complete job	‚à©‚ïó‚îê2025-11-12T19:15:00.6682618Z Cleaning up orphan processes
